Assuming unrestricted shared filesystem usage.
None
host: cn0021
Building DAG of jobs...
Using shell: /usr/bin/bash
Provided cores: 10
Rules claiming more threads will be scaled down.
Conda environments: ignored
Job stats:
job                     count
--------------------  -------
align                       1
all                         1
call_methylation            1
liftover_methylation        1
make_chain                  1
split_fa                    1
total                       6

Select jobs to execute...
Execute 2 jobs...
[Thu Nov 13 14:44:26 2025]
localrule split_fa:
    input: /vf/users/Phillippy/projects/poo_snakemake/test/chr22.kolf.fa
    output: /vf/users/Phillippy/projects/poo_snakemake/test/output/chain/sample.hap1.fa, /vf/users/Phillippy/projects/poo_snakemake/test/output/chain/sample.hap2.fa
    jobid: 5
    reason: Missing output files: /vf/users/Phillippy/projects/poo_snakemake/test/output/chain/sample.hap1.fa, /vf/users/Phillippy/projects/poo_snakemake/test/output/chain/sample.hap2.fa
    resources: tmpdir=/tmp
[Thu Nov 13 14:44:26 2025]
localrule align:
    input: /vf/users/Phillippy/projects/poo_snakemake/test/chr22.kolf.fa
    output: /vf/users/Phillippy/projects/poo_snakemake/test/output/alignments/sample.pri.bam
    jobid: 3
    reason: Missing output files: /vf/users/Phillippy/projects/poo_snakemake/test/output/alignments/sample.pri.bam
    resources: tmpdir=/tmp
RuleException:
CalledProcessError in file "/vf/users/Phillippy/projects/poo_snakemake/main/Snakefile", line 51:
Command 'set -euo pipefail;  
        echo "Aligning sample reads to /vf/users/Phillippy/projects/poo_snakemake/test/chr22.kolf.fa using ONT"
        sh scripts/00.align_winnowmap.sh /vf/users/Phillippy/projects/poo_snakemake/test/chr22.kolf.fa /vf/users/Phillippy/projects/poo_snakemake/test/output sample /vf/users/Phillippy/projects/poo_snakemake/test/chr22.kolf.mrg.fastq ONT 1' returned non-zero exit status 127.
[Thu Nov 13 14:44:26 2025]
Error in rule align:
    message: None
    jobid: 3
    input: /vf/users/Phillippy/projects/poo_snakemake/test/chr22.kolf.fa
    output: /vf/users/Phillippy/projects/poo_snakemake/test/output/alignments/sample.pri.bam
    shell:
        
        echo "Aligning sample reads to /vf/users/Phillippy/projects/poo_snakemake/test/chr22.kolf.fa using ONT"
        sh scripts/00.align_winnowmap.sh /vf/users/Phillippy/projects/poo_snakemake/test/chr22.kolf.fa /vf/users/Phillippy/projects/poo_snakemake/test/output sample /vf/users/Phillippy/projects/poo_snakemake/test/chr22.kolf.mrg.fastq ONT 1
        
        (command exited with non-zero exit code)
RuleException:
CalledProcessError in file "/vf/users/Phillippy/projects/poo_snakemake/main/Snakefile", line 71:
Command 'set -euo pipefail;  
        echo "Splitting personalized genome /vf/users/Phillippy/projects/poo_snakemake/test/chr22.kolf.fa into hap1 and hap2"
        sh scripts/01.splitFa.sh /vf/users/Phillippy/projects/poo_snakemake/test/chr22.kolf.fa /vf/users/Phillippy/projects/poo_snakemake/test/output _1 _2 sample' returned non-zero exit status 127.
[Thu Nov 13 14:44:26 2025]
Error in rule split_fa:
    message: None
    jobid: 5
    input: /vf/users/Phillippy/projects/poo_snakemake/test/chr22.kolf.fa
    output: /vf/users/Phillippy/projects/poo_snakemake/test/output/chain/sample.hap1.fa, /vf/users/Phillippy/projects/poo_snakemake/test/output/chain/sample.hap2.fa
    shell:
        
        echo "Splitting personalized genome /vf/users/Phillippy/projects/poo_snakemake/test/chr22.kolf.fa into hap1 and hap2"
        sh scripts/01.splitFa.sh /vf/users/Phillippy/projects/poo_snakemake/test/chr22.kolf.fa /vf/users/Phillippy/projects/poo_snakemake/test/output _1 _2 sample
        
        (command exited with non-zero exit code)
Shutting down, this might take some time.
Exiting because a job execution failed. Look below for error messages
[Thu Nov 13 14:44:31 2025]
Error in rule split_fa:
    message: None
    jobid: 5
    input: /vf/users/Phillippy/projects/poo_snakemake/test/chr22.kolf.fa
    output: /vf/users/Phillippy/projects/poo_snakemake/test/output/chain/sample.hap1.fa, /vf/users/Phillippy/projects/poo_snakemake/test/output/chain/sample.hap2.fa
    shell:
        
        echo "Splitting personalized genome /vf/users/Phillippy/projects/poo_snakemake/test/chr22.kolf.fa into hap1 and hap2"
        sh scripts/01.splitFa.sh /vf/users/Phillippy/projects/poo_snakemake/test/chr22.kolf.fa /vf/users/Phillippy/projects/poo_snakemake/test/output _1 _2 sample
        
        (command exited with non-zero exit code)
[Thu Nov 13 14:44:31 2025]
Error in rule align:
    message: None
    jobid: 3
    input: /vf/users/Phillippy/projects/poo_snakemake/test/chr22.kolf.fa
    output: /vf/users/Phillippy/projects/poo_snakemake/test/output/alignments/sample.pri.bam
    shell:
        
        echo "Aligning sample reads to /vf/users/Phillippy/projects/poo_snakemake/test/chr22.kolf.fa using ONT"
        sh scripts/00.align_winnowmap.sh /vf/users/Phillippy/projects/poo_snakemake/test/chr22.kolf.fa /vf/users/Phillippy/projects/poo_snakemake/test/output sample /vf/users/Phillippy/projects/poo_snakemake/test/chr22.kolf.mrg.fastq ONT 1
        
        (command exited with non-zero exit code)
Complete log(s): /vf/users/Phillippy/projects/poo_snakemake/main/.snakemake/log/2025-11-13T144425.609925.snakemake.log
WorkflowError:
At least one job did not complete successfully.
