Assuming unrestricted shared filesystem usage.
None
host: cn0003
Building DAG of jobs...
Using shell: /usr/bin/bash
Provided cores: 10
Rules claiming more threads will be scaled down.
Job stats:
job                     count
--------------------  -------
align                       1
all                         1
call_methylation            1
liftover_methylation        1
make_chain                  1
split_fa                    1
total                       6

Select jobs to execute...
Execute 2 jobs...
[Thu Sep  4 11:06:20 2025]
localrule split_fa:
    input: resources/personalized_genome.fasta
    output: output/chain/output.hap1.fa, output/chain/output.hap2.fa
    jobid: 5
    reason: Missing output files: output/chain/output.hap1.fa, output/chain/output.hap2.fa
    resources: tmpdir=/tmp
[Thu Sep  4 11:06:20 2025]
localrule align:
    input: resources/personalized_genome.fasta
    output: output/alignments/output.pri.bam
    jobid: 3
    reason: Missing output files: output/alignments/output.pri.bam
    resources: tmpdir=/tmp
RuleException:
CalledProcessError in file "/vf/users/Phillippy/projects/poo_snakemake/main/Snakefile", line 68:
Command 'set -euo pipefail;  
        echo "Splitting personalized genome resources/personalized_genome.fasta into hap1 and hap2"
        sh scripts/02.splitFa.sh resources/personalized_genome.fasta output hap2 hap2 output' returned non-zero exit status 127.
[Thu Sep  4 11:06:20 2025]
Error in rule split_fa:
    message: None
    jobid: 5
    input: resources/personalized_genome.fasta
    output: output/chain/output.hap1.fa, output/chain/output.hap2.fa
    shell:
        
        echo "Splitting personalized genome resources/personalized_genome.fasta into hap1 and hap2"
        sh scripts/02.splitFa.sh resources/personalized_genome.fasta output hap2 hap2 output
        
        (command exited with non-zero exit code)
RuleException:
CalledProcessError in file "/vf/users/Phillippy/projects/poo_snakemake/main/Snakefile", line 48:
Command 'set -euo pipefail;  
        echo "Aligning output reads to resources/personalized_genome.fasta using ONT"
        sh scripts/00.align_winnowmap.sh resources/personalized_genome.fasta output output resources/reads.fastq,resources/reads2.fastq ONT 1' returned non-zero exit status 127.
[Thu Sep  4 11:06:20 2025]
Error in rule align:
    message: None
    jobid: 3
    input: resources/personalized_genome.fasta
    output: output/alignments/output.pri.bam
    shell:
        
        echo "Aligning output reads to resources/personalized_genome.fasta using ONT"
        sh scripts/00.align_winnowmap.sh resources/personalized_genome.fasta output output resources/reads.fastq,resources/reads2.fastq ONT 1
        
        (command exited with non-zero exit code)
Shutting down, this might take some time.
Exiting because a job execution failed. Look below for error messages
[Thu Sep  4 11:06:26 2025]
Error in rule split_fa:
    message: None
    jobid: 5
    input: resources/personalized_genome.fasta
    output: output/chain/output.hap1.fa, output/chain/output.hap2.fa
    shell:
        
        echo "Splitting personalized genome resources/personalized_genome.fasta into hap1 and hap2"
        sh scripts/02.splitFa.sh resources/personalized_genome.fasta output hap2 hap2 output
        
        (command exited with non-zero exit code)
[Thu Sep  4 11:06:26 2025]
Error in rule align:
    message: None
    jobid: 3
    input: resources/personalized_genome.fasta
    output: output/alignments/output.pri.bam
    shell:
        
        echo "Aligning output reads to resources/personalized_genome.fasta using ONT"
        sh scripts/00.align_winnowmap.sh resources/personalized_genome.fasta output output resources/reads.fastq,resources/reads2.fastq ONT 1
        
        (command exited with non-zero exit code)
Complete log(s): /vf/users/Phillippy/projects/poo_snakemake/main/.snakemake/log/2025-09-04T110619.438412.snakemake.log
WorkflowError:
At least one job did not complete successfully.
